// Jest Snapshot v1, https://goo.gl/fbAQLP

exports[`Description snaps renders snapshot 1`] = `
"<div className=''>
  <Label className='product-description__label' text='DETAILS' />
  <div dangerouslySetInnerHTML={{...}} />
</div>"
`;
