// Jest Snapshot v1, https://goo.gl/fbAQLP

exports[`ErrorBoundary renders snapshot with basicProps 1`] = `""`;

exports[`ErrorBoundary renders snapshot with fullProps 1`] = `"<div />"`;
