// Jest Snapshot v1, https://goo.gl/fbAQLP

exports[`App snaps renders snapshot without info 1`] = `
"<div>
  Loading...
</div>"
`;
