// Jest Snapshot v1, https://goo.gl/fbAQLP

exports[`Label renders snapshot with fullProps 1`] = `
"<div className='label __CLASS_NAME__'>
  __TEXT__
</div>"
`;

exports[`Label renders snapshot without Props 1`] = `"<div className='label' />"`;
